// Jest Snapshot v1, https://goo.gl/fbAQLP

exports[`renders Navbar Component 1`] = `
{
  "asFragment": [Function],
  "baseElement": <body>
    <div>
      <nav
        class="z-50 sticky w-full top-0 right-0 left-0 grid grid-cols-8 bg-green items-center text-white border-b-2 border-greenDark py-10 lg:py-2"
      >
        <div
          class="flex justify-between items-center p-4 col-span-2 font-semibold"
        >
          <a
            class="flex items-center gap-2 md:text-lg xl:text-xl w-full"
            href="/"
          >
            <img
              alt=""
              data-nimg="1"
              decoding="async"
              height="50"
              loading="lazy"
              src="/_next/image?url=%2Fimg.jpg&w=128&q=75"
              srcset="/_next/image?url=%2Fimg.jpg&w=64&q=75 1x, /_next/image?url=%2Fimg.jpg&w=128&q=75 2x"
              style="color: transparent;"
              width="50"
            />
            <span
              class="whitespace-nowrap"
            >
              Aplikasi Al-Qur\`an
            </span>
          </a>
        </div>
        <ul
          class="col-span-4 flex justify-center gap-5 max-lg:hidden"
          id="navlist"
        >
          <li
            class="text-xl"
          >
            <a
              class="relative opacity-80"
              href="/"
            >
              Halaman Utama
            </a>
          </li>
          <li
            class="text-xl"
          >
            <a
              class="relative opacity-80"
              href="/quran"
            >
              Al-Qur'an
            </a>
          </li>
          <li
            class="text-xl"
          >
            <a
              class="relative opacity-80"
              href="/jadwal"
            >
              Jadwal Sholat
            </a>
          </li>
        </ul>
        <div
          class="lg:hidden col-span-2 col-start-6 text-4xl flex justify-end text-white"
          id="menu"
        >
          <div>
            <svg
              fill="currentColor"
              height="1em"
              stroke="currentColor"
              stroke-width="0"
              viewBox="0 0 512 512"
              width="1em"
              xmlns="http://www.w3.org/2000/svg"
            >
              <path
                d="M88 152h336M88 256h336M88 360h336"
                fill="none"
                stroke-linecap="round"
                stroke-miterlimit="10"
                stroke-width="48"
              />
            </svg>
          </div>
        </div>
      </nav>
    </div>
  </body>,
  "container": <div>
    <nav
      class="z-50 sticky w-full top-0 right-0 left-0 grid grid-cols-8 bg-green items-center text-white border-b-2 border-greenDark py-10 lg:py-2"
    >
      <div
        class="flex justify-between items-center p-4 col-span-2 font-semibold"
      >
        <a
          class="flex items-center gap-2 md:text-lg xl:text-xl w-full"
          href="/"
        >
          <img
            alt=""
            data-nimg="1"
            decoding="async"
            height="50"
            loading="lazy"
            src="/_next/image?url=%2Fimg.jpg&w=128&q=75"
            srcset="/_next/image?url=%2Fimg.jpg&w=64&q=75 1x, /_next/image?url=%2Fimg.jpg&w=128&q=75 2x"
            style="color: transparent;"
            width="50"
          />
          <span
            class="whitespace-nowrap"
          >
            Aplikasi Al-Qur\`an
          </span>
        </a>
      </div>
      <ul
        class="col-span-4 flex justify-center gap-5 max-lg:hidden"
        id="navlist"
      >
        <li
          class="text-xl"
        >
          <a
            class="relative opacity-80"
            href="/"
          >
            Halaman Utama
          </a>
        </li>
        <li
          class="text-xl"
        >
          <a
            class="relative opacity-80"
            href="/quran"
          >
            Al-Qur'an
          </a>
        </li>
        <li
          class="text-xl"
        >
          <a
            class="relative opacity-80"
            href="/jadwal"
          >
            Jadwal Sholat
          </a>
        </li>
      </ul>
      <div
        class="lg:hidden col-span-2 col-start-6 text-4xl flex justify-end text-white"
        id="menu"
      >
        <div>
          <svg
            fill="currentColor"
            height="1em"
            stroke="currentColor"
            stroke-width="0"
            viewBox="0 0 512 512"
            width="1em"
            xmlns="http://www.w3.org/2000/svg"
          >
            <path
              d="M88 152h336M88 256h336M88 360h336"
              fill="none"
              stroke-linecap="round"
              stroke-miterlimit="10"
              stroke-width="48"
            />
          </svg>
        </div>
      </div>
    </nav>
  </div>,
  "debug": [Function],
  "findAllByAltText": [Function],
  "findAllByDisplayValue": [Function],
  "findAllByLabelText": [Function],
  "findAllByPlaceholderText": [Function],
  "findAllByRole": [Function],
  "findAllByTestId": [Function],
  "findAllByText": [Function],
  "findAllByTitle": [Function],
  "findByAltText": [Function],
  "findByDisplayValue": [Function],
  "findByLabelText": [Function],
  "findByPlaceholderText": [Function],
  "findByRole": [Function],
  "findByTestId": [Function],
  "findByText": [Function],
  "findByTitle": [Function],
  "getAllByAltText": [Function],
  "getAllByDisplayValue": [Function],
  "getAllByLabelText": [Function],
  "getAllByPlaceholderText": [Function],
  "getAllByRole": [Function],
  "getAllByTestId": [Function],
  "getAllByText": [Function],
  "getAllByTitle": [Function],
  "getByAltText": [Function],
  "getByDisplayValue": [Function],
  "getByLabelText": [Function],
  "getByPlaceholderText": [Function],
  "getByRole": [Function],
  "getByTestId": [Function],
  "getByText": [Function],
  "getByTitle": [Function],
  "queryAllByAltText": [Function],
  "queryAllByDisplayValue": [Function],
  "queryAllByLabelText": [Function],
  "queryAllByPlaceholderText": [Function],
  "queryAllByRole": [Function],
  "queryAllByTestId": [Function],
  "queryAllByText": [Function],
  "queryAllByTitle": [Function],
  "queryByAltText": [Function],
  "queryByDisplayValue": [Function],
  "queryByLabelText": [Function],
  "queryByPlaceholderText": [Function],
  "queryByRole": [Function],
  "queryByTestId": [Function],
  "queryByText": [Function],
  "queryByTitle": [Function],
  "rerender": [Function],
  "unmount": [Function],
}
`;
